npx :  ΓÜá Compiled with warnings
At line:1 char:1
+ npx next build 2> build-errors.txt; type build-errors.txt | Select-Ob ...
+ ~~~~~~~~~~~~~~~~~~~~~~~~~~~~~~~~~~
    + CategoryInfo          : NotSpecified: ( ΓÜá Compiled with warnings:Strin 
   g) [], RemoteException
    + FullyQualifiedErrorId : NativeCommandError
 

./src/app/page.tsx
Attempted import error: 'Hero' is not exported from 
'@/components/landing/hero' (imported as 'Hero').

Import trace for requested module:
./src/app/page.tsx

./src/app/page.tsx
Attempted import error: 'FeaturedCourses' is not exported from 
'@/components/landing/featured-courses' (imported as 'FeaturedCourses').

Import trace for requested module:
./src/app/page.tsx

./src/app/page.tsx
Attempted import error: 'PopularProjects' is not exported from 
'@/components/landing/popular-projects' (imported as 'PopularProjects').

Import trace for requested module:
./src/app/page.tsx

./src/app/page.tsx
Attempted import error: 'Testimonials' is not exported from 
'@/components/landing/testimonials' (imported as 'Testimonials').

Import trace for requested module:
./src/app/page.tsx

./src/app/page.tsx
Attempted import error: 'ReferralBanner' is not exported from 
'@/components/landing/referral-banner' (imported as 'ReferralBanner').

Import trace for requested module:
./src/app/page.tsx

./src/app/page.tsx
Attempted import error: 'PricingSection' is not exported from 
'@/components/landing/pricing-section' (imported as 'PricingSection').

Import trace for requested module:
./src/app/page.tsx

Failed to compile.

./src/app/admin/coupons/coupons-client.tsx:253:9
Type error: Type 'Column<CouponRow>[]' is not assignable to type 
'Column<Record<string, unknown>>[]'.
  Type 'Column<CouponRow>' is not assignable to type 'Column<Record<string, 
unknown>>'.
    Type 'Record<string, unknown>' is missing the following properties from 
type 'CouponRow': id, code, discount, type, and 7 more.

[0m [90m 251 |[39m[0m
[0m [90m 252 |[39m       [33m<[39m[33mDataTable[39m[0m
[0m[31m[1m>[22m[39m[90m 253 |[39m         
columns[33m=[39m{columns}[0m
[0m [90m     |[39m         [31m[1m^[22m[39m[0m
[0m [90m 254 |[39m         data[33m=[39m{data [36mas[39m unknown 
[36mas[39m [33mRecord[39m[33m<[39m[33mstring[39m[33m,[39m 
unknown[33m>[39m[]}[0m
[0m [90m 255 |[39m         searchKey[33m=[39m[32m"code"[39m[0m
[0m [90m 256 |[39m         searchPlaceholder[33m=[39m[32m"Search by 
code..."[39m[0m
Next.js build worker exited with code: 1 and signal: null
[?25h
